<html><head></head><body>
<div class="wrapppingBothMessageAndReply">
    <p class="customStyling">This is random text with some custom styling and outlook-generated elements.<o:p></o:p></p>
    <div>
        <div style="border:none;border-top:solid">
            <p class="customStyling"><b></b></p></div></div></div></body></html>